// Jest Snapshot v1, https://goo.gl/fbAQLP

exports[`VPath.vue renders correctly 1`] = `<path d="M10 20 L20 20 Z" fill="red"></path>`;
