// Jest Snapshot v1, https://goo.gl/fbAQLP

exports[`VText.vue renders correctly 1`] = `<text x="0" y="0" fill="red">TEXT</text>`;
