// Jest Snapshot v1, https://goo.gl/fbAQLP

exports[`VPolygon.vue render correctly 1`] = `<polygon points="0,0 10,0 20,20" fill="red"></polygon>`;
