// Jest Snapshot v1, https://goo.gl/fbAQLP

exports[`VPolyLine.vue render correctly 1`] = `<polyline points="0,0 10,0 20,20" fill="red"></polyline>`;
